###############################################################################
#
# IAR ELF Linker V9.40.1.364/W64 for ARM                  18/Jul/2024  17:26:59
# Copyright 2007-2023 IAR Systems AB.
#
#    Output file  =
#        C:\Users\HP\Desktop\Task\PROJECT_Assign\PROJECT_SPNTC62_REV4-{Main}\PROJECT_clock_(18-07)\PLATFORM_clk\PLATFORM_clk\EWARM\PLATFORM_clk\Exe\PLATFORM_clk.out
#    Map file     =
#        C:\Users\HP\Desktop\Task\PROJECT_Assign\PROJECT_SPNTC62_REV4-{Main}\PROJECT_clock_(18-07)\PLATFORM_clk\PLATFORM_clk\EWARM\PLATFORM_clk\List\PLATFORM_clk.map
#    Command line =
#        -f
#        "C:\Users\HP\Desktop\Task\PROJECT_Assign\PROJECT_SPNTC62_REV4-{Main}\PROJECT_clock_(18-07)\PLATFORM_clk\PLATFORM_clk\EWARM\PLATFORM_clk\Exe\PLATFORM_clk.out.rsp"
#        ("C:\Users\HP\Desktop\Task\PROJECT_Assign\PROJECT_SPNTC62_REV4-{Main}\PROJECT_clock_(18-07)\PLATFORM_clk\PLATFORM_clk\EWARM\PLATFORM_clk\Obj\Core_13247989168731456611.dir\App_RAM.o"
#        "C:\Users\HP\Desktop\Task\PROJECT_Assign\PROJECT_SPNTC62_REV4-{Main}\PROJECT_clock_(18-07)\PLATFORM_clk\PLATFORM_clk\EWARM\PLATFORM_clk\Obj\Core_13247989168731456611.dir\gpio.o"
#        "C:\Users\HP\Desktop\Task\PROJECT_Assign\PROJECT_SPNTC62_REV4-{Main}\PROJECT_clock_(18-07)\PLATFORM_clk\PLATFORM_clk\EWARM\PLATFORM_clk\Obj\Core_13247989168731456611.dir\i2c.o"
#        "C:\Users\HP\Desktop\Task\PROJECT_Assign\PROJECT_SPNTC62_REV4-{Main}\PROJECT_clock_(18-07)\PLATFORM_clk\PLATFORM_clk\EWARM\PLATFORM_clk\Obj\Core_13247989168731456611.dir\I2C_RTC.o"
#        "C:\Users\HP\Desktop\Task\PROJECT_Assign\PROJECT_SPNTC62_REV4-{Main}\PROJECT_clock_(18-07)\PLATFORM_clk\PLATFORM_clk\EWARM\PLATFORM_clk\Obj\Core_13247989168731456611.dir\iwdg.o"
#        "C:\Users\HP\Desktop\Task\PROJECT_Assign\PROJECT_SPNTC62_REV4-{Main}\PROJECT_clock_(18-07)\PLATFORM_clk\PLATFORM_clk\EWARM\PLATFORM_clk\Obj\Core_13247989168731456611.dir\main.o"
#        "C:\Users\HP\Desktop\Task\PROJECT_Assign\PROJECT_SPNTC62_REV4-{Main}\PROJECT_clock_(18-07)\PLATFORM_clk\PLATFORM_clk\EWARM\PLATFORM_clk\Obj\Core_13247989168731456611.dir\Misc_Function.o"
#        "C:\Users\HP\Desktop\Task\PROJECT_Assign\PROJECT_SPNTC62_REV4-{Main}\PROJECT_clock_(18-07)\PLATFORM_clk\PLATFORM_clk\EWARM\PLATFORM_clk\Obj\Core_13247989168731456611.dir\rtc.o"
#        "C:\Users\HP\Desktop\Task\PROJECT_Assign\PROJECT_SPNTC62_REV4-{Main}\PROJECT_clock_(18-07)\PLATFORM_clk\PLATFORM_clk\EWARM\PLATFORM_clk\Obj\EWARM_18443280873093131863.dir\startup_stm32g030xx.o"
#        "C:\Users\HP\Desktop\Task\PROJECT_Assign\PROJECT_SPNTC62_REV4-{Main}\PROJECT_clock_(18-07)\PLATFORM_clk\PLATFORM_clk\EWARM\PLATFORM_clk\Obj\STM32G0xx_HAL_Driver_14800413719917403617.dir\stm32g0xx_hal.o"
#        "C:\Users\HP\Desktop\Task\PROJECT_Assign\PROJECT_SPNTC62_REV4-{Main}\PROJECT_clock_(18-07)\PLATFORM_clk\PLATFORM_clk\EWARM\PLATFORM_clk\Obj\STM32G0xx_HAL_Driver_14800413719917403617.dir\stm32g0xx_hal_cortex.o"
#        "C:\Users\HP\Desktop\Task\PROJECT_Assign\PROJECT_SPNTC62_REV4-{Main}\PROJECT_clock_(18-07)\PLATFORM_clk\PLATFORM_clk\EWARM\PLATFORM_clk\Obj\STM32G0xx_HAL_Driver_14800413719917403617.dir\stm32g0xx_hal_dma.o"
#        "C:\Users\HP\Desktop\Task\PROJECT_Assign\PROJECT_SPNTC62_REV4-{Main}\PROJECT_clock_(18-07)\PLATFORM_clk\PLATFORM_clk\EWARM\PLATFORM_clk\Obj\STM32G0xx_HAL_Driver_14800413719917403617.dir\stm32g0xx_hal_dma_ex.o"
#        "C:\Users\HP\Desktop\Task\PROJECT_Assign\PROJECT_SPNTC62_REV4-{Main}\PROJECT_clock_(18-07)\PLATFORM_clk\PLATFORM_clk\EWARM\PLATFORM_clk\Obj\STM32G0xx_HAL_Driver_14800413719917403617.dir\stm32g0xx_hal_exti.o"
#        "C:\Users\HP\Desktop\Task\PROJECT_Assign\PROJECT_SPNTC62_REV4-{Main}\PROJECT_clock_(18-07)\PLATFORM_clk\PLATFORM_clk\EWARM\PLATFORM_clk\Obj\STM32G0xx_HAL_Driver_14800413719917403617.dir\stm32g0xx_hal_flash.o"
#        "C:\Users\HP\Desktop\Task\PROJECT_Assign\PROJECT_SPNTC62_REV4-{Main}\PROJECT_clock_(18-07)\PLATFORM_clk\PLATFORM_clk\EWARM\PLATFORM_clk\Obj\STM32G0xx_HAL_Driver_14800413719917403617.dir\stm32g0xx_hal_flash_ex.o"
#        "C:\Users\HP\Desktop\Task\PROJECT_Assign\PROJECT_SPNTC62_REV4-{Main}\PROJECT_clock_(18-07)\PLATFORM_clk\PLATFORM_clk\EWARM\PLATFORM_clk\Obj\STM32G0xx_HAL_Driver_14800413719917403617.dir\stm32g0xx_hal_gpio.o"
#        "C:\Users\HP\Desktop\Task\PROJECT_Assign\PROJECT_SPNTC62_REV4-{Main}\PROJECT_clock_(18-07)\PLATFORM_clk\PLATFORM_clk\EWARM\PLATFORM_clk\Obj\STM32G0xx_HAL_Driver_14800413719917403617.dir\stm32g0xx_hal_i2c.o"
#        "C:\Users\HP\Desktop\Task\PROJECT_Assign\PROJECT_SPNTC62_REV4-{Main}\PROJECT_clock_(18-07)\PLATFORM_clk\PLATFORM_clk\EWARM\PLATFORM_clk\Obj\STM32G0xx_HAL_Driver_14800413719917403617.dir\stm32g0xx_hal_i2c_ex.o"
#        "C:\Users\HP\Desktop\Task\PROJECT_Assign\PROJECT_SPNTC62_REV4-{Main}\PROJECT_clock_(18-07)\PLATFORM_clk\PLATFORM_clk\EWARM\PLATFORM_clk\Obj\Core_13247989168731456611.dir\stm32g0xx_hal_msp.o"
#        "C:\Users\HP\Desktop\Task\PROJECT_Assign\PROJECT_SPNTC62_REV4-{Main}\PROJECT_clock_(18-07)\PLATFORM_clk\PLATFORM_clk\EWARM\PLATFORM_clk\Obj\STM32G0xx_HAL_Driver_14800413719917403617.dir\stm32g0xx_hal_pwr.o"
#        "C:\Users\HP\Desktop\Task\PROJECT_Assign\PROJECT_SPNTC62_REV4-{Main}\PROJECT_clock_(18-07)\PLATFORM_clk\PLATFORM_clk\EWARM\PLATFORM_clk\Obj\STM32G0xx_HAL_Driver_14800413719917403617.dir\stm32g0xx_hal_pwr_ex.o"
#        "C:\Users\HP\Desktop\Task\PROJECT_Assign\PROJECT_SPNTC62_REV4-{Main}\PROJECT_clock_(18-07)\PLATFORM_clk\PLATFORM_clk\EWARM\PLATFORM_clk\Obj\STM32G0xx_HAL_Driver_14800413719917403617.dir\stm32g0xx_hal_rcc.o"
#        "C:\Users\HP\Desktop\Task\PROJECT_Assign\PROJECT_SPNTC62_REV4-{Main}\PROJECT_clock_(18-07)\PLATFORM_clk\PLATFORM_clk\EWARM\PLATFORM_clk\Obj\STM32G0xx_HAL_Driver_14800413719917403617.dir\stm32g0xx_hal_rcc_ex.o"
#        "C:\Users\HP\Desktop\Task\PROJECT_Assign\PROJECT_SPNTC62_REV4-{Main}\PROJECT_clock_(18-07)\PLATFORM_clk\PLATFORM_clk\EWARM\PLATFORM_clk\Obj\STM32G0xx_HAL_Driver_14800413719917403617.dir\stm32g0xx_hal_tim.o"
#        "C:\Users\HP\Desktop\Task\PROJECT_Assign\PROJECT_SPNTC62_REV4-{Main}\PROJECT_clock_(18-07)\PLATFORM_clk\PLATFORM_clk\EWARM\PLATFORM_clk\Obj\STM32G0xx_HAL_Driver_14800413719917403617.dir\stm32g0xx_hal_tim_ex.o"
#        "C:\Users\HP\Desktop\Task\PROJECT_Assign\PROJECT_SPNTC62_REV4-{Main}\PROJECT_clock_(18-07)\PLATFORM_clk\PLATFORM_clk\EWARM\PLATFORM_clk\Obj\Core_13247989168731456611.dir\stm32g0xx_it.o"
#        "C:\Users\HP\Desktop\Task\PROJECT_Assign\PROJECT_SPNTC62_REV4-{Main}\PROJECT_clock_(18-07)\PLATFORM_clk\PLATFORM_clk\EWARM\PLATFORM_clk\Obj\STM32G0xx_HAL_Driver_14800413719917403617.dir\stm32g0xx_ll_dma.o"
#        "C:\Users\HP\Desktop\Task\PROJECT_Assign\PROJECT_SPNTC62_REV4-{Main}\PROJECT_clock_(18-07)\PLATFORM_clk\PLATFORM_clk\EWARM\PLATFORM_clk\Obj\STM32G0xx_HAL_Driver_14800413719917403617.dir\stm32g0xx_ll_exti.o"
#        "C:\Users\HP\Desktop\Task\PROJECT_Assign\PROJECT_SPNTC62_REV4-{Main}\PROJECT_clock_(18-07)\PLATFORM_clk\PLATFORM_clk\EWARM\PLATFORM_clk\Obj\STM32G0xx_HAL_Driver_14800413719917403617.dir\stm32g0xx_ll_gpio.o"
#        "C:\Users\HP\Desktop\Task\PROJECT_Assign\PROJECT_SPNTC62_REV4-{Main}\PROJECT_clock_(18-07)\PLATFORM_clk\PLATFORM_clk\EWARM\PLATFORM_clk\Obj\STM32G0xx_HAL_Driver_14800413719917403617.dir\stm32g0xx_ll_rcc.o"
#        "C:\Users\HP\Desktop\Task\PROJECT_Assign\PROJECT_SPNTC62_REV4-{Main}\PROJECT_clock_(18-07)\PLATFORM_clk\PLATFORM_clk\EWARM\PLATFORM_clk\Obj\STM32G0xx_HAL_Driver_14800413719917403617.dir\stm32g0xx_ll_rtc.o"
#        "C:\Users\HP\Desktop\Task\PROJECT_Assign\PROJECT_SPNTC62_REV4-{Main}\PROJECT_clock_(18-07)\PLATFORM_clk\PLATFORM_clk\EWARM\PLATFORM_clk\Obj\STM32G0xx_HAL_Driver_14800413719917403617.dir\stm32g0xx_ll_usart.o"
#        "C:\Users\HP\Desktop\Task\PROJECT_Assign\PROJECT_SPNTC62_REV4-{Main}\PROJECT_clock_(18-07)\PLATFORM_clk\PLATFORM_clk\EWARM\PLATFORM_clk\Obj\STM32G0xx_HAL_Driver_14800413719917403617.dir\stm32g0xx_ll_utils.o"
#        "C:\Users\HP\Desktop\Task\PROJECT_Assign\PROJECT_SPNTC62_REV4-{Main}\PROJECT_clock_(18-07)\PLATFORM_clk\PLATFORM_clk\EWARM\PLATFORM_clk\Obj\Core_13247989168731456611.dir\SW_I2C.o"
#        "C:\Users\HP\Desktop\Task\PROJECT_Assign\PROJECT_SPNTC62_REV4-{Main}\PROJECT_clock_(18-07)\PLATFORM_clk\PLATFORM_clk\EWARM\PLATFORM_clk\Obj\CMSIS_6603591812247902717.dir\system_stm32g0xx.o"
#        "C:\Users\HP\Desktop\Task\PROJECT_Assign\PROJECT_SPNTC62_REV4-{Main}\PROJECT_clock_(18-07)\PLATFORM_clk\PLATFORM_clk\EWARM\PLATFORM_clk\Obj\Core_13247989168731456611.dir\usart.o"
#        --no_out_extension -o
#        "C:\Users\HP\Desktop\Task\PROJECT_Assign\PROJECT_SPNTC62_REV4-{Main}\PROJECT_clock_(18-07)\PLATFORM_clk\PLATFORM_clk\EWARM\PLATFORM_clk\Exe\PLATFORM_clk.out"
#        --redirect _Printf=_PrintfFullNoMb --redirect _Scanf=_ScanfFullNoMb
#        --map
#        "C:\Users\HP\Desktop\Task\PROJECT_Assign\PROJECT_SPNTC62_REV4-{Main}\PROJECT_clock_(18-07)\PLATFORM_clk\PLATFORM_clk\EWARM\PLATFORM_clk\List\PLATFORM_clk.map"
#        --config
#        "C:\Users\HP\Desktop\Task\PROJECT_Assign\PROJECT_SPNTC62_REV4-{Main}\PROJECT_clock_(18-07)\PLATFORM_clk\PLATFORM_clk\EWARM/stm32g030xx_flash.icf"
#        --semihosting --entry __iar_program_start --vfe --text_out locale
#        --cpu=Cortex-M0+ --fpu=None) --dependencies=n
#        "C:\Users\HP\Desktop\Task\PROJECT_Assign\PROJECT_SPNTC62_REV4-{Main}\PROJECT_clock_(18-07)\PLATFORM_clk\PLATFORM_clk\EWARM\PLATFORM_clk\Exe\PLATFORM_clk.out.iar_deps"
#
###############################################################################

*******************************************************************************
*** RUNTIME MODEL ATTRIBUTES
***

CppFlavor       = *
__CPP_Runtime   = 1
__SystemLibrary = DLib
__dlib_version  = 6


*******************************************************************************
*** HEAP SELECTION
***

The basic heap was selected because --advanced_heap
was not specified and the application did not appear to
be primarily optimized for speed.


*******************************************************************************
*** PLACEMENT SUMMARY
***

"A0":  place at address 0x800'0000 { ro section .intvec };
"P1":  place in [from 0x800'0000 to 0x800'ffff] { ro };
define block CSTACK with size = 1K, alignment = 8 { };
define block HEAP with size = 512, alignment = 8 { };
"P2":  place in [from 0x2000'0000 to 0x2000'1fff] {
          rw, block CSTACK, block HEAP };
initialize by copy { rw };

  Section            Kind         Address    Size  Object
  -------            ----         -------    ----  ------
"A0":                                        0xc0
  .intvec            ro code   0x800'0000    0xc0  startup_stm32g030xx.o [3]
                             - 0x800'00c0    0xc0

"P1":                                      0x4ced
  .text              ro code   0x800'00c0   0xf7a  xprintffull_nomb.o [5]
  .text              ro code   0x800'103a    0x22  xsscin.o [5]
  .text              ro code   0x800'105c    0x12  strchr.o [7]
  .text              ro code   0x800'106e     0xa  xsprout.o [5]
  .text              ro code   0x800'1078    0x48  xfail_s.o [5]
  .text              ro code   0x800'10c0     0xe  strlen.o [7]
  .rodata            const     0x800'10ce     0x2  xlocale_c.o [5]
  .text              ro code   0x800'10d0    0x16  memchr.o [7]
  .rodata            const     0x800'10e6     0x2  xlocale_c.o [5]
  .text              ro code   0x800'10e8    0x4e  ABImemcpy.o [7]
  .text              ro code   0x800'1136    0x2a  frexp.o [6]
  .text              ro code   0x800'1160    0x32  DblCmpLe.o [6]
  .text              ro code   0x800'1192    0x32  DblCmpGe.o [6]
  .text              ro code   0x800'11c4    0x70  ldexp.o [6]
  .text              ro code   0x800'1234    0x52  DblToI32.o [6]
  .text              ro code   0x800'1286     0x2  startup_stm32g030xx.o [3]
  .text              ro code   0x800'1288    0x34  IxxToDbl.o [6]
  .text              ro code   0x800'12bc   0x1b4  DblAddSub.o [6]
  .text              ro code   0x800'1470    0x5e  I32DivMod.o [7]
  .text              ro code   0x800'14ce    0xc2  DblDiv.o [6]
  .text              ro code   0x800'1590   0x184  DblMul.o [6]
  .text              ro code   0x800'1714    0x50  xlocale_c.o [5]
  .text              ro code   0x800'1764    0x7c  I64DivMod.o [7]
  .text              ro code   0x800'17e0     0xa  abort.o [5]
  .text              ro code   0x800'17ea     0x2  startup_stm32g030xx.o [3]
  .text              ro code   0x800'17ec     0x2  IntDivZer.o [7]
  .text              ro code   0x800'17ee     0x2  startup_stm32g030xx.o [3]
  .text              ro code   0x800'17f0     0x2  I64DivZer.o [7]
  .text              ro code   0x800'17f2     0x2  startup_stm32g030xx.o [3]
  .text              ro code   0x800'17f4    0x14  exit.o [8]
  .text              ro code   0x800'1808   0xe50  xscanffull_nomb.o [5]
  .text              ro code   0x800'2658    0x12  isspace.o [5]
  .text              ro code   0x800'266a    0x12  isalpha.o [5]
  .text              ro code   0x800'267c   0x334  strto64.o [6]
  .text              ro code   0x800'29b0    0x62  DblToFlt.o [6]
  .text              ro code   0x800'2a12     0x2  startup_stm32g030xx.o [3]
  .text              ro code   0x800'2a14   0x1a6  iar_Stoullx.o [5]
  .text              ro code   0x800'2bba    0xb2  iar_Stollx.o [5]
  .text              ro code   0x800'2c6c   0x118  iar_Stopfx.o [5]
  .text              ro code   0x800'2d84   0x1d4  iar_Stoflt.o [5]
  .text              ro code   0x800'2f58   0x238  iar_Stoxflt.o [5]
  .text              ro code   0x800'3190    0x32  I64Mul.o [7]
  .text              ro code   0x800'31c2    0x12  tolower.o [5]
  .text              ro code   0x800'31d4   0x6dc  Misc_Function.o [2]
  .text              ro code   0x800'38b0    0x28  sscanf.o [5]
  .text              ro code   0x800'38d8    0x40  sprintf.o [5]
  .text              ro code   0x800'3918    0xb8  I2C_RTC.o [2]
  .text              ro code   0x800'39d0   0x2f8  stm32g0xx_ll_rtc.o [4]
  .text              ro code   0x800'3cc8   0x120  SW_I2C.o [2]
  .text              ro code   0x800'3de8    0x28  stm32g0xx_hal.o [4]
  .text              ro code   0x800'3e10     0xc  stm32g0xx_hal_gpio.o [4]
  .text              ro code   0x800'3e1c     0xc  stm32g0xx_hal.o [4]
  .text              ro code   0x800'3e28   0x228  usart.o [2]
  .text              ro code   0x800'4050    0x10  ABImemset_small.o [7]
  .text              ro code   0x800'4060    0xa4  stm32g0xx_ll_gpio.o [4]
  .text              ro code   0x800'4104    0xdc  stm32g0xx_ll_usart.o [4]
  .text              ro code   0x800'41e0   0x108  stm32g0xx_ll_rcc.o [4]
  .text              ro code   0x800'42e8   0x1c4  gpio.o [2]
  .text              ro code   0x800'44ac   0x1bc  main.o [2]
  .text              ro code   0x800'4668    0x28  stm32g0xx_hal.o [4]
  .text              ro code   0x800'4690    0x34  iwdg.o [2]
  .text              ro code   0x800'46c4    0x9c  rtc.o [2]
  .text              ro code   0x800'4760     0xc  stm32g0xx_ll_utils.o [4]
  .text              ro code   0x800'476c    0x4c  stm32g0xx_hal.o [4]
  .text              ro code   0x800'47b8    0x3c  stm32g0xx_hal_msp.o [2]
  .text              ro code   0x800'47f4    0x90  stm32g0xx_hal_cortex.o [4]
  .text              ro code   0x800'4884   0x10c  stm32g0xx_it.o [2]
  .text              ro code   0x800'4990    0x10  stm32g0xx_hal.o [4]
  .text              ro code   0x800'49a0    0x2e  strstr.o [5]
  .text              ro code   0x800'49ce     0x2  startup_stm32g030xx.o [3]
  .text              ro code   0x800'49d0    0x10  strcpy_small.o [7]
  .text              ro code   0x800'49e0    0x80  lz77_init_single.o [7]
  .rodata            const     0x800'4a60    0x6a  xprintffull_nomb.o [5]
  .text              ro code   0x800'4aca     0x2  startup_stm32g030xx.o [3]
  .rodata            const     0x800'4acc    0x50  iar_Stoullx.o [5]
  .text              ro code   0x800'4b1c    0x3c  zero_init3.o [7]
  .rodata            const     0x800'4b58    0x48  strto64.o [6]
  .rodata            const     0x800'4ba0    0x40  system_stm32g0xx.o [1]
  .rodata            const     0x800'4be0    0x30  stm32g0xx_ll_usart.o [4]
  .rodata            const     0x800'4c10    0x2c  xscanffull_nomb.o [5]
  .rodata            const     0x800'4c3c    0x28  xscanffull_nomb.o [5]
  .text              ro code   0x800'4c64    0x28  data_init.o [7]
  .rodata            const     0x800'4c8c    0x24  xscanffull_nomb.o [5]
  .iar.init_table    const     0x800'4cb0    0x20  - Linker created -
  .rodata            const     0x800'4cd0    0x20  system_stm32g0xx.o [1]
  .text              ro code   0x800'4cf0    0x1e  cmain.o [7]
  .text              ro code   0x800'4d0e     0x4  low_level_init.o [5]
  .text              ro code   0x800'4d12     0x8  exit.o [5]
  .text              ro code   0x800'4d1a     0x2  startup_stm32g030xx.o [3]
  .text              ro code   0x800'4d1c     0xa  cexit.o [7]
  .text              ro code   0x800'4d26     0x2  startup_stm32g030xx.o [3]
  .text              ro code   0x800'4d28    0x1c  cstartup_M.o [7]
  .text              ro code   0x800'4d44    0x10  startup_stm32g030xx.o [3]
  .text              ro code   0x800'4d54     0x2  startup_stm32g030xx.o [3]
  .text              ro code   0x800'4d56     0x2  startup_stm32g030xx.o [3]
  .text              ro code   0x800'4d58     0x2  startup_stm32g030xx.o [3]
  .text              ro code   0x800'4d5a     0x2  startup_stm32g030xx.o [3]
  .text              ro code   0x800'4d5c     0x2  startup_stm32g030xx.o [3]
  .text              ro code   0x800'4d5e     0x2  startup_stm32g030xx.o [3]
  .text              ro code   0x800'4d60     0x2  startup_stm32g030xx.o [3]
  .text              ro code   0x800'4d62     0x2  startup_stm32g030xx.o [3]
  .text              ro code   0x800'4d64     0x2  startup_stm32g030xx.o [3]
  .text              ro code   0x800'4d66     0x2  startup_stm32g030xx.o [3]
  .text              ro code   0x800'4d68     0x2  startup_stm32g030xx.o [3]
  .rodata            const     0x800'4d6a     0x1  xlocale_c.o [5]
  .text              ro code   0x800'4d6c     0x2  system_stm32g0xx.o [1]
  .rodata            const     0x800'4d6e     0x0  zero_init3.o [7]
  .rodata            const     0x800'4d6e     0x0  lz77_init_single.o [7]
  Initializer bytes  const     0x800'4d6e    0x3f  <for P2-1>
                             - 0x800'4dad  0x4ced

"P2", part 1 of 3:                           0x90
  P2-1                        0x2000'0000    0x90  <Init block>
    .data            inited   0x2000'0000     0xc  stm32g0xx_hal.o [4]
    .data            inited   0x2000'000c     0x4  system_stm32g0xx.o [1]
    .data            inited   0x2000'0010    0x38  xlocale_c.o [5]
    .data            inited   0x2000'0048    0x48  xlocale_c.o [5]
                            - 0x2000'0090    0x90

"P2", part 2 of 3:                          0x128
  .bss               zero     0x2000'0090    0x64  App_RAM.o [2]
  .bss               zero     0x2000'00f4    0x64  App_RAM.o [2]
  .bss               zero     0x2000'0158    0x18  rtc.o [2]
  .bss               zero     0x2000'0170     0xc  App_RAM.o [2]
  .bss               zero     0x2000'017c     0xc  App_RAM.o [2]
  .bss               zero     0x2000'0188     0x8  Misc_Function.o [2]
  .bss               zero     0x2000'0190     0x4  App_RAM.o [2]
  .bss               zero     0x2000'0194     0x4  App_RAM.o [2]
  .bss               zero     0x2000'0198     0x4  xfail_s.o [5]
  .bss               zero     0x2000'019c     0x2  App_RAM.o [2]
  .bss               zero     0x2000'019e     0x2  App_RAM.o [2]
  .bss               zero     0x2000'01a0     0x2  App_RAM.o [2]
  .bss               zero     0x2000'01a2     0x2  App_RAM.o [2]
  .bss               zero     0x2000'01a4     0x1  App_RAM.o [2]
  .bss               zero     0x2000'01a5     0x1  App_RAM.o [2]
  .bss               zero     0x2000'01a6     0x1  App_RAM.o [2]
  .bss               zero     0x2000'01a7     0x1  App_RAM.o [2]
  .bss               zero     0x2000'01a8     0x1  App_RAM.o [2]
  .bss               zero     0x2000'01a9     0x1  App_RAM.o [2]
  .bss               zero     0x2000'01aa     0x1  App_RAM.o [2]
  .bss               zero     0x2000'01ab     0x1  App_RAM.o [2]
  .bss               zero     0x2000'01ac     0x1  App_RAM.o [2]
  .bss               zero     0x2000'01ad     0x1  App_RAM.o [2]
  .bss               zero     0x2000'01ae     0x1  App_RAM.o [2]
  .bss               zero     0x2000'01af     0x1  App_RAM.o [2]
  .bss               zero     0x2000'01b0     0x1  App_RAM.o [2]
  .bss               zero     0x2000'01b1     0x1  App_RAM.o [2]
  .bss               zero     0x2000'01b2     0x1  App_RAM.o [2]
  .bss               zero     0x2000'01b3     0x1  App_RAM.o [2]
  .bss               zero     0x2000'01b4     0x1  App_RAM.o [2]
  .bss               zero     0x2000'01b5     0x1  App_RAM.o [2]
                            - 0x2000'01b6   0x126

"P2", part 3 of 3:                          0x400
  CSTACK                      0x2000'01b8   0x400  <Block>
    CSTACK           uninit   0x2000'01b8   0x400  <Block tail>
                            - 0x2000'05b8   0x400

Unused ranges:

         From           To    Size
         ----           --    ----
   0x800'4dad   0x800'ffff  0xb253
  0x2000'05b8  0x2000'1fff  0x1a48


*******************************************************************************
*** INIT TABLE
***

          Address      Size
          -------      ----
Zero (__iar_zero_init3)
    1 destination range, total size 0x126:
          0x2000'0090  0x126

Copy/lz77 (__iar_lz77_init_single3)
    1 source range, total size 0x3f (43% of destination):
           0x800'4d6e   0x3f
    1 destination range, total size 0x90:
          0x2000'0000   0x90



*******************************************************************************
*** MODULE SUMMARY
***

    Module                  ro code  ro data  rw data
    ------                  -------  -------  -------
command line/config:
    -------------------------------------------------
    Total:

C:\Users\HP\Desktop\Task\PROJECT_Assign\PROJECT_SPNTC62_REV4-{Main}\PROJECT_clock_(18-07)\PLATFORM_clk\PLATFORM_clk\EWARM\PLATFORM_clk\Obj\CMSIS_6603591812247902717.dir: [1]
    system_stm32g0xx.o            2       98        4
    -------------------------------------------------
    Total:                        2       98        4

C:\Users\HP\Desktop\Task\PROJECT_Assign\PROJECT_SPNTC62_REV4-{Main}\PROJECT_clock_(18-07)\PLATFORM_clk\PLATFORM_clk\EWARM\PLATFORM_clk\Obj\Core_13247989168731456611.dir: [2]
    App_RAM.o                                     258
    I2C_RTC.o                   184
    Misc_Function.o           1'756                 8
    SW_I2C.o                    288
    gpio.o                      452
    iwdg.o                       52
    main.o                      444
    rtc.o                       156                24
    stm32g0xx_hal_msp.o          60
    stm32g0xx_it.o              268
    usart.o                     552
    -------------------------------------------------
    Total:                    4'212               290

C:\Users\HP\Desktop\Task\PROJECT_Assign\PROJECT_SPNTC62_REV4-{Main}\PROJECT_clock_(18-07)\PLATFORM_clk\PLATFORM_clk\EWARM\PLATFORM_clk\Obj\EWARM_18443280873093131863.dir: [3]
    startup_stm32g030xx.o       248
    -------------------------------------------------
    Total:                      248

C:\Users\HP\Desktop\Task\PROJECT_Assign\PROJECT_SPNTC62_REV4-{Main}\PROJECT_clock_(18-07)\PLATFORM_clk\PLATFORM_clk\EWARM\PLATFORM_clk\Obj\STM32G0xx_HAL_Driver_14800413719917403617.dir: [4]
    stm32g0xx_hal.o             184        5       12
    stm32g0xx_hal_cortex.o      144
    stm32g0xx_hal_gpio.o         12
    stm32g0xx_ll_gpio.o         164
    stm32g0xx_ll_rcc.o          264
    stm32g0xx_ll_rtc.o          760
    stm32g0xx_ll_usart.o        220       48
    stm32g0xx_ll_utils.o         12
    -------------------------------------------------
    Total:                    1'760       53       12

dl6M_tlf.a: [5]
    abort.o                      10
    exit.o                        8
    iar_Stoflt.o                468
    iar_Stollx.o                178
    iar_Stopfx.o                280
    iar_Stoullx.o               422       80
    iar_Stoxflt.o               568
    isalpha.o                    18
    isspace.o                    18
    low_level_init.o              4
    sprintf.o                    64
    sscanf.o                     40
    strstr.o                     46
    tolower.o                    18
    xfail_s.o                    72                 4
    xlocale_c.o                  80       61      128
    xprintffull_nomb.o        3'962      106
    xscanffull_nomb.o         3'664      120
    xsprout.o                    10
    xsscin.o                     34
    -------------------------------------------------
    Total:                    9'964      367      132

m6M_tl.a: [6]
    DblAddSub.o                 436
    DblCmpGe.o                   50
    DblCmpLe.o                   50
    DblDiv.o                    194
    DblMul.o                    388
    DblToFlt.o                   98
    DblToI32.o                   82
    IxxToDbl.o                   52
    frexp.o                      42
    ldexp.o                     112
    strto64.o                   820       72
    -------------------------------------------------
    Total:                    2'324       72

rt6M_tl.a: [7]
    ABImemcpy.o                  78
    ABImemset_small.o            16
    I32DivMod.o                  94
    I64DivMod.o                 124
    I64DivZer.o                   2
    I64Mul.o                     50
    IntDivZer.o                   2
    cexit.o                      10
    cmain.o                      30
    cstartup_M.o                 28
    data_init.o                  40
    lz77_init_single.o          128
    memchr.o                     22
    strchr.o                     18
    strcpy_small.o               16
    strlen.o                     14
    zero_init3.o                 60
    -------------------------------------------------
    Total:                      732

shb_l.a: [8]
    exit.o                       20
    -------------------------------------------------
    Total:                       20

    Gaps                          1
    Linker created                        32    1'024
-----------------------------------------------------
    Grand Total:             19'263      622    1'462


*******************************************************************************
*** ENTRY LIST
***

Entry                       Address   Size  Type      Object
-----                       -------   ----  ----      ------
.iar.init_table$$Base    0x800'4cb0          --   Gb  - Linker created -
.iar.init_table$$Limit   0x800'4cd0          --   Gb  - Linker created -
?main                    0x800'4cf1         Code  Gb  cmain.o [7]
ADC1_IRQHandler          0x800'4d55         Code  Wk  startup_stm32g030xx.o [3]
AHBPrescTable            0x800'4ba0   0x40  Data  Gb  system_stm32g0xx.o [1]
APBPrescTable            0x800'4cd0   0x20  Data  Gb  system_stm32g0xx.o [1]
CSTACK$$Base            0x2000'01b8          --   Gb  - Linker created -
CSTACK$$Limit           0x2000'05b8          --   Gb  - Linker created -
DISP_DATA               0x2000'017c    0xc  Data  Gb  App_RAM.o [2]
DMA1_Ch4_5_DMAMUX1_OVR_IRQHandler
                         0x800'4d27         Code  Wk  startup_stm32g030xx.o [3]
DMA1_Channel1_IRQHandler
                         0x800'4acb         Code  Wk  startup_stm32g030xx.o [3]
DMA1_Channel2_3_IRQHandler
                         0x800'4d1b         Code  Wk  startup_stm32g030xx.o [3]
DayInt                  0x2000'01b3    0x1  Data  Gb  App_RAM.o [2]
Delay_1us                0x800'3cc9   0x1e  Code  Gb  SW_I2C.o [2]
Delay_Cycles             0x800'328d    0xc  Code  Gb  Misc_Function.o [2]
Dtentox                  0x800'267d  0x1f8  Code  Lc  strto64.o [6]
DutyCycle               0x2000'01b5    0x1  Data  Gb  App_RAM.o [2]
EXTI0_1_IRQHandler       0x800'17f3         Code  Wk  startup_stm32g030xx.o [3]
EXTI2_3_IRQHandler       0x800'2a13         Code  Wk  startup_stm32g030xx.o [3]
EXTI4_15_IRQHandler      0x800'49cf         Code  Wk  startup_stm32g030xx.o [3]
FLASH_IRQHandler         0x800'17ef         Code  Wk  startup_stm32g030xx.o [3]
Flag_GPIO_12_24         0x2000'01ac    0x1  Data  Gb  App_RAM.o [2]
Flag_GPSActive          0x2000'01a9    0x1  Data  Gb  App_RAM.o [2]
Flag_GPSDataReady       0x2000'01a8    0x1  Data  Gb  App_RAM.o [2]
Flag_GPSFix             0x2000'01a7    0x1  Data  Gb  App_RAM.o [2]
Flag_Intensity          0x2000'01ad    0x1  Data  Gb  App_RAM.o [2]
Flag_KeyPrg             0x2000'01ab    0x1  Data  Gb  App_RAM.o [2]
Flag_Prog               0x2000'01aa    0x1  Data  Gb  App_RAM.o [2]
Flag_Second             0x2000'01a6    0x1  Data  Gb  App_RAM.o [2]
Flag_Toggle1            0x2000'01ae    0x1  Data  Gb  App_RAM.o [2]
Flag_Toogle             0x2000'01af    0x1  Data  Gb  App_RAM.o [2]
GPS                     0x2000'0190    0x4  Data  Gb  App_RAM.o [2]
GPS_Buffer              0x2000'0090   0x64  Data  Gb  App_RAM.o [2]
GPS_DataIn              0x2000'00f4   0x64  Data  Gb  App_RAM.o [2]
GP_Counter              0x2000'019c    0x2  Data  Gb  App_RAM.o [2]
GP_Timer                 0x800'3345   0xe2  Code  Gb  Misc_Function.o [2]
Get_Ex_Time              0x800'3309   0x1e  Code  Gb  Misc_Function.o [2]
Get_In_Time              0x800'32e5   0x16  Code  Gb  Misc_Function.o [2]
Get_bitmap               0x800'3299   0x4c  Code  Gb  Misc_Function.o [2]
HAL_Delay                0x800'3de9   0x28  Code  Wk  stm32g0xx_hal.o [4]
HAL_GPIO_ReadPin         0x800'3e11    0xc  Code  Gb  stm32g0xx_hal_gpio.o [4]
HAL_GetTick              0x800'3e1d    0xc  Code  Wk  stm32g0xx_hal.o [4]
HAL_IncTick              0x800'4991   0x10  Code  Wk  stm32g0xx_hal.o [4]
HAL_Init                 0x800'4669   0x24  Code  Gb  stm32g0xx_hal.o [4]
HAL_InitTick             0x800'476d   0x4c  Code  Wk  stm32g0xx_hal.o [4]
HAL_MspInit              0x800'47b9   0x3c  Code  Gb  stm32g0xx_hal_msp.o [2]
HAL_NVIC_EnableIRQ       0x800'4839   0x12  Code  Gb  stm32g0xx_hal_cortex.o [4]
HAL_NVIC_SetPriority     0x800'482f    0x8  Code  Gb  stm32g0xx_hal_cortex.o [4]
HAL_SYSTICK_Config       0x800'484b   0x28  Code  Gb  stm32g0xx_hal_cortex.o [4]
HardFault_Handler        0x800'4887    0x2  Code  Gb  stm32g0xx_it.o [2]
I2C1_IRQHandler          0x800'4d63         Code  Wk  startup_stm32g030xx.o [3]
I2C2_IRQHandler          0x800'4d65         Code  Wk  startup_stm32g030xx.o [3]
I2C_ACK                  0x800'3d31   0x1c  Code  Gb  SW_I2C.o [2]
I2C_START                0x800'3ce7   0x26  Code  Gb  SW_I2C.o [2]
I2C_STOP                 0x800'3d0d   0x24  Code  Gb  SW_I2C.o [2]
Key_Entry               0x2000'01b1    0x1  Data  Gb  App_RAM.o [2]
Key_Scan                 0x800'34f5   0xae  Code  Gb  Misc_Function.o [2]
LL_GPIO_Init             0x800'4061   0xa4  Code  Gb  stm32g0xx_ll_gpio.o [4]
LL_GPIO_IsInputPinSet    0x800'31e1   0x10  Code  Lc  Misc_Function.o [2]
LL_IOP_GRP1_EnableClock
                         0x800'42e9   0x16  Code  Lc  gpio.o [2]
LL_IOP_GRP1_EnableClock
                         0x800'3e75   0x16  Code  Lc  usart.o [2]
LL_RCC_GetSystemClocksFreq
                         0x800'41eb   0x18  Code  Gb  stm32g0xx_ll_rcc.o [4]
LL_RCC_GetUSARTClockFreq
                         0x800'4203   0x54  Code  Gb  stm32g0xx_ll_rcc.o [4]
LL_RCC_PLL_GetN          0x800'41e1    0xa  Code  Lc  stm32g0xx_ll_rcc.o [4]
LL_RTC_BKP_SetRegister   0x800'44ad    0xc  Code  Lc  main.o [2]
LL_RTC_BKP_SetRegister   0x800'31d5    0xc  Code  Lc  Misc_Function.o [2]
LL_RTC_DATE_Config       0x800'39f9   0x2a  Code  Lc  stm32g0xx_ll_rtc.o [4]
LL_RTC_DATE_Init         0x800'3b33   0xc2  Code  Gb  stm32g0xx_ll_rtc.o [4]
LL_RTC_EnterInitMode     0x800'3bf9   0x4a  Code  Gb  stm32g0xx_ll_rtc.o [4]
LL_RTC_Init              0x800'3a23   0x50  Code  Gb  stm32g0xx_ll_rtc.o [4]
LL_RTC_TIME_Config       0x800'39d1   0x28  Code  Lc  stm32g0xx_ll_rtc.o [4]
LL_RTC_TIME_Init         0x800'3a7d   0xb6  Code  Gb  stm32g0xx_ll_rtc.o [4]
LL_RTC_WaitForSynchro    0x800'3c43   0x80  Code  Gb  stm32g0xx_ll_rtc.o [4]
LL_SetSystemCoreClock    0x800'4761    0x6  Code  Gb  stm32g0xx_ll_utils.o [4]
LL_USART_ConfigAsyncMode
                         0x800'3e8b   0x12  Code  Lc  usart.o [2]
LL_USART_Init            0x800'4105   0xbe  Code  Gb  stm32g0xx_ll_usart.o [4]
MX_GPIO_Init             0x800'42ff  0x1a4  Code  Gb  gpio.o [2]
MX_IWDG_Init             0x800'4691   0x34  Code  Gb  iwdg.o [2]
MX_RTC_Init              0x800'46c5   0x88  Code  Gb  rtc.o [2]
MX_USART1_UART_Init      0x800'3e9d   0xd2  Code  Gb  usart.o [2]
MX_USART2_UART_Init      0x800'3f71   0x94  Code  Gb  usart.o [2]
Minute_Counter          0x2000'01a4    0x1  Data  Gb  App_RAM.o [2]
NMI_Handler              0x800'4885    0x2  Code  Gb  stm32g0xx_it.o [2]
NightInt                0x2000'01b4    0x1  Data  Gb  App_RAM.o [2]
PendSV_Handler           0x800'488b    0x2  Code  Gb  stm32g0xx_it.o [2]
Prg_clk                  0x800'3491   0x34  Code  Gb  Misc_Function.o [2]
Prog_State              0x2000'01b2    0x1  Data  Gb  App_RAM.o [2]
Program_Clock            0x800'3327   0x1e  Code  Gb  Misc_Function.o [2]
Program_Mode             0x800'35e1  0x2a0  Code  Gb  Misc_Function.o [2]
RCC_GetHCLKClockFreq     0x800'42a9    0xc  Code  Lc  stm32g0xx_ll_rcc.o [4]
RCC_GetPCLK1ClockFreq    0x800'42b5    0xa  Code  Lc  stm32g0xx_ll_rcc.o [4]
RCC_GetSystemClockFreq   0x800'4257   0x52  Code  Lc  stm32g0xx_ll_rcc.o [4]
RCC_IRQHandler           0x800'48d9    0x2  Code  Gb  stm32g0xx_it.o [2]
RTC_Count               0x2000'01a0    0x2  Data  Gb  App_RAM.o [2]
RTC_DateStruct          0x2000'0160    0x4  Data  Gb  rtc.o [2]
RTC_InitStruct          0x2000'0164    0xc  Data  Gb  rtc.o [2]
RTC_SET_DateTime         0x800'3431   0x60  Code  Gb  Misc_Function.o [2]
RTC_TAMP_IRQHandler      0x800'17eb         Code  Wk  startup_stm32g030xx.o [3]
RTC_Time                0x2000'0170    0xc  Data  Gb  App_RAM.o [2]
RcvCnt_GPS              0x2000'01b0    0x1  Data  Gb  App_RAM.o [2]
Read_RTC                 0x800'3971   0x5c  Code  Gb  I2C_RTC.o [2]
Region$$Table$$Base      0x800'4cb0          --   Gb  - Linker created -
Region$$Table$$Limit     0x800'4cd0          --   Gb  - Linker created -
Reset_Handler            0x800'4d45         Code  Wk  startup_stm32g030xx.o [3]
SPI1_IRQHandler          0x800'4d67         Code  Wk  startup_stm32g030xx.o [3]
SPI2_IRQHandler          0x800'4d69         Code  Wk  startup_stm32g030xx.o [3]
SVC_Handler              0x800'4889    0x2  Code  Gb  stm32g0xx_it.o [2]
Scan_Time               0x2000'01a2    0x2  Data  Gb  App_RAM.o [2]
Second_counter          0x2000'01a5    0x1  Data  Gb  App_RAM.o [2]
Serial_In                0x800'3d93   0x4c  Code  Gb  SW_I2C.o [2]
Serial_Out               0x800'3d4d   0x46  Code  Gb  SW_I2C.o [2]
Set_Data                 0x800'31f1   0x94  Code  Gb  Misc_Function.o [2]
SysTick_Handler          0x800'488d   0x4c  Code  Gb  stm32g0xx_it.o [2]
SystemClock_Config       0x800'457b   0x9e  Code  Gb  main.o [2]
SystemCoreClock         0x2000'000c    0x4  Data  Gb  system_stm32g0xx.o [1]
SystemInit               0x800'4d6d    0x2  Code  Gb  system_stm32g0xx.o [1]
TIM14_IRQHandler         0x800'4d5d         Code  Wk  startup_stm32g030xx.o [3]
TIM16_IRQHandler         0x800'4d5f         Code  Wk  startup_stm32g030xx.o [3]
TIM17_IRQHandler         0x800'4d61         Code  Wk  startup_stm32g030xx.o [3]
TIM1_BRK_UP_TRG_COM_IRQHandler
                         0x800'4d57         Code  Wk  startup_stm32g030xx.o [3]
TIM1_CC_IRQHandler       0x800'4d59         Code  Wk  startup_stm32g030xx.o [3]
TIM3_IRQHandler          0x800'4d5b         Code  Wk  startup_stm32g030xx.o [3]
Time                    0x2000'0194    0x4  Data  Gb  App_RAM.o [2]
USART1_IRQHandler        0x800'48dd   0x7a  Code  Gb  stm32g0xx_it.o [2]
USART2_IRQHandler        0x800'4985    0x2  Code  Gb  stm32g0xx_it.o [2]
USART_PRESCALER_TAB      0x800'4be0   0x30  Data  Lc  stm32g0xx_ll_usart.o [4]
WWDG_IRQHandler          0x800'1287         Code  Wk  startup_stm32g030xx.o [3]
Write_RTC                0x800'3919   0x58  Code  Gb  I2C_RTC.o [2]
_Get                     0x800'1809    0xc  Code  Lc  xscanffull_nomb.o [5]
_GetN                    0x800'181f   0x1e  Code  Lc  xscanffull_nomb.o [5]
_GetstrFullNoMb          0x800'2455  0x1c0  Code  Lc  xscanffull_nomb.o [5]
_LC                      0x800'00c1    0x8  Code  Lc  xprintffull_nomb.o [5]
_LitobFullNoMb           0x800'0e95  0x124  Code  Lc  xprintffull_nomb.o [5]
_LocaleC_isalpha         0x800'171b    0xc  Code  Gb  xlocale_c.o [5]
_LocaleC_islower         0x800'1715    0x4  Code  Gb  xlocale_c.o [5]
_LocaleC_isspace         0x800'1731   0x14  Code  Gb  xlocale_c.o [5]
_LocaleC_isupper         0x800'1719    0x2  Code  Gb  xlocale_c.o [5]
_LocaleC_tolower         0x800'1745    0xc  Code  Gb  xlocale_c.o [5]
_Locale_lconv           0x2000'0010   0x38  Data  Lc  xlocale_c.o [5]
_PrintfFullNoMb          0x800'00c9  0xdcc  Code  Gb  xprintffull_nomb.o [5]
_PutcharsFullNoMb        0x800'1005   0x36  Code  Lc  xprintffull_nomb.o [5]
_SProut                  0x800'106f    0xa  Code  Gb  xsprout.o [5]
_SScin                   0x800'103b   0x22  Code  Gb  xsscin.o [5]
_ScanfFullNoMb           0x800'185d  0xbb4  Code  Gb  xscanffull_nomb.o [5]
_UngetN                  0x800'183d   0x1e  Code  Lc  xscanffull_nomb.o [5]
__ICFEDIT_region_RAM_end__ {Abs}
                        0x2000'1fff         Data  Gb  <internal module>
__ICFEDIT_region_RAM_start__ {Abs}
                        0x2000'0000         Data  Gb  <internal module>
__NVIC_EnableIRQ         0x800'3e29   0x12  Code  Lc  usart.o [2]
__NVIC_SetPriority       0x800'47f5   0x3a  Code  Lc  stm32g0xx_hal_cortex.o [4]
__NVIC_SetPriority       0x800'3e3b   0x3a  Code  Lc  usart.o [2]
__aeabi_cdcmple          0x800'1161         Code  Gb  DblCmpLe.o [6]
__aeabi_cdrcmple         0x800'1193         Code  Gb  DblCmpGe.o [6]
__aeabi_d2f              0x800'29b1         Code  Gb  DblToFlt.o [6]
__aeabi_d2iz             0x800'1235         Code  Gb  DblToI32.o [6]
__aeabi_d2uiz            0x800'1259         Code  Gb  DblToI32.o [6]
__aeabi_dadd             0x800'12bd         Code  Gb  DblAddSub.o [6]
__aeabi_ddiv             0x800'14cf         Code  Gb  DblDiv.o [6]
__aeabi_dmul             0x800'1591         Code  Gb  DblMul.o [6]
__aeabi_dsub             0x800'1383         Code  Gb  DblAddSub.o [6]
__aeabi_i2d              0x800'12a9         Code  Gb  IxxToDbl.o [6]
__aeabi_idiv0            0x800'17ed         Code  Gb  IntDivZer.o [7]
__aeabi_ldiv0            0x800'17f1         Code  Gb  I64DivZer.o [7]
__aeabi_lmul             0x800'3191         Code  Gb  I64Mul.o [7]
__aeabi_memcpy           0x800'111d         Code  Gb  ABImemcpy.o [7]
__aeabi_memcpy4          0x800'10e9         Code  Gb  ABImemcpy.o [7]
__aeabi_memcpy8          0x800'10e9         Code  Gb  ABImemcpy.o [7]
__aeabi_ui2d             0x800'1289         Code  Gb  IxxToDbl.o [6]
__aeabi_uldivmod         0x800'1765         Code  Gb  I64DivMod.o [7]
__cmain                  0x800'4cf1         Code  Gb  cmain.o [7]
__exit                   0x800'17f5   0x14  Code  Gb  exit.o [8]
__iar_Fail_s             0x800'1079   0x22  Code  Gb  xfail_s.o [5]
__iar_Memchr             0x800'10d1         Code  Gb  memchr.o [7]
__iar_Memcpy             0x800'1129         Code  Gb  ABImemcpy.o [7]
__iar_Sto64              0x800'287d  0x112  Code  Gb  strto64.o [6]
__iar_Stoflt             0x800'2d85  0x1d4  Code  Gb  iar_Stoflt.o [5]
__iar_Stollx             0x800'2bbb   0xa8  Code  Gb  iar_Stollx.o [5]
__iar_Stopfx             0x800'2c6d  0x118  Code  Gb  iar_Stopfx.o [5]
__iar_Stoullx            0x800'2a15  0x194  Code  Gb  iar_Stoullx.o [5]
__iar_Stoxflt            0x800'2f59  0x204  Code  Gb  iar_Stoxflt.o [5]
__iar_Stoxflt::digits    0x800'3160   0x18  Data  Lc  iar_Stoxflt.o [5]
__iar_Stoxflt::vals      0x800'3178   0x18  Data  Lc  iar_Stoxflt.o [5]
__iar_Strchr             0x800'105d         Code  Gb  strchr.o [7]
__iar_d2uiz              0x800'125d         Code  Gb  DblToI32.o [6]
__iar_data_init3         0x800'4c65   0x28  Code  Gb  data_init.o [7]
__iar_frexp              0x800'1143         Code  Gb  frexp.o [6]
__iar_frexp64            0x800'1137         Code  Gb  frexp.o [6]
__iar_frexpl             0x800'1143         Code  Gb  frexp.o [6]
__iar_globLocale        0x2000'0048   0x48  Data  Lc  xlocale_c.o [5]
__iar_global_Locale      0x800'1751    0x4  Code  Gb  xlocale_c.o [5]
__iar_ldexp64            0x800'11c5         Code  Gb  ldexp.o [6]
__iar_lz77_init_single3
                         0x800'49e1   0x80  Code  Gb  lz77_init_single.o [7]
__iar_program_start      0x800'4d29         Code  Gb  cstartup_M.o [7]
__iar_scalbln64          0x800'11c5         Code  Gb  ldexp.o [6]
__iar_scalbn64           0x800'11c5         Code  Gb  ldexp.o [6]
__iar_small_Memset4_word
                         0x800'4055         Code  Gb  ABImemset_small.o [7]
__iar_small_Memset_word
                         0x800'4055         Code  Gb  ABImemset_small.o [7]
__iar_small_idiv         0x800'1471         Code  Gb  I32DivMod.o [7]
__iar_small_idivmod      0x800'1471         Code  Gb  I32DivMod.o [7]
__iar_small_memclr       0x800'4051         Code  Gb  ABImemset_small.o [7]
__iar_small_memclr4      0x800'4051         Code  Gb  ABImemset_small.o [7]
__iar_small_memclr8      0x800'4051         Code  Gb  ABImemset_small.o [7]
__iar_small_memset       0x800'4055         Code  Gb  ABImemset_small.o [7]
__iar_small_memset4      0x800'4055         Code  Gb  ABImemset_small.o [7]
__iar_small_memset8      0x800'4055         Code  Gb  ABImemset_small.o [7]
__iar_small_strcpy       0x800'49d1         Code  Gb  strcpy_small.o [7]
__iar_small_uidiv        0x800'1499         Code  Gb  I32DivMod.o [7]
__iar_small_uidivmod     0x800'1499         Code  Gb  I32DivMod.o [7]
__iar_zero_init3         0x800'4b1d   0x3c  Code  Gb  zero_init3.o [7]
__low_level_init         0x800'4d0f    0x4  Code  Gb  low_level_init.o [5]
__vector_table           0x800'0000         Data  Gb  startup_stm32g030xx.o [3]
_call_main               0x800'4cfd         Code  Gb  cmain.o [7]
_exit                    0x800'4d1d         Code  Gb  cexit.o [7]
abort                    0x800'17e1    0xa  Code  Gb  abort.o [5]
digits                   0x800'4af4   0x28  Data  Lc  iar_Stoullx.o [5]
exit                     0x800'4d13    0x8  Code  Gb  exit.o [5]
frexp                    0x800'1137         Code  Gb  frexp.o [6]
frexpl                   0x800'1137         Code  Gb  frexp.o [6]
gTime                   0x2000'0188    0x8  Data  Gb  Misc_Function.o [2]
isalpha                  0x800'266b   0x12  Code  Gb  isalpha.o [5]
isspace                  0x800'2659   0x12  Code  Gb  isspace.o [5]
ldexp                    0x800'11c5         Code  Gb  ldexp.o [6]
ldexpl                   0x800'11c5         Code  Gb  ldexp.o [6]
localeconv               0x800'1755    0x4  Code  Gb  xlocale_c.o [5]
main                     0x800'44b9   0xc2  Code  Gb  main.o [2]
memchr                   0x800'10d1         Code  Gb  memchr.o [7]
ndigs                    0x800'4acc   0x28  Data  Lc  iar_Stoullx.o [5]
pows                     0x800'4b58   0x48  Data  Lc  strto64.o [6]
ranmatch                 0x800'2411   0x42  Code  Lc  xscanffull_nomb.o [5]
sTime                   0x2000'0158    0x8  Data  Gb  rtc.o [2]
scalbln                  0x800'11c5         Code  Gb  ldexp.o [6]
scalblnl                 0x800'11c5         Code  Gb  ldexp.o [6]
scalbn                   0x800'11c5         Code  Gb  ldexp.o [6]
scalbnl                  0x800'11c5         Code  Gb  ldexp.o [6]
scale                    0x800'0fb9   0x44  Code  Lc  xprintffull_nomb.o [5]
sec_hand                0x2000'0198    0x4  Data  Lc  xfail_s.o [5]
sprintf                  0x800'38d9   0x40  Code  Gb  sprintf.o [5]
sscanf                   0x800'38b1   0x28  Code  Gb  sscanf.o [5]
strchr                   0x800'105d         Code  Gb  strchr.o [7]
strlen                   0x800'10c1         Code  Gb  strlen.o [7]
strstr                   0x800'49a1   0x2e  Code  Gb  strstr.o [5]
strtoll                  0x800'2c63    0xa  Code  Gb  iar_Stollx.o [5]
strtoull                 0x800'2bb1    0xa  Code  Gb  iar_Stoullx.o [5]
ticks                   0x2000'019e    0x2  Data  Gb  App_RAM.o [2]
tolower                  0x800'31c3   0x12  Code  Gb  tolower.o [5]
uwTick                  0x2000'0004    0x4  Data  Gb  stm32g0xx_hal.o [4]
uwTickFreq              0x2000'0000    0x1  Data  Gb  stm32g0xx_hal.o [4]
uwTickPrio              0x2000'0008    0x4  Data  Gb  stm32g0xx_hal.o [4]


[1] = C:\Users\HP\Desktop\Task\PROJECT_Assign\PROJECT_SPNTC62_REV4-{Main}\PROJECT_clock_(18-07)\PLATFORM_clk\PLATFORM_clk\EWARM\PLATFORM_clk\Obj\CMSIS_6603591812247902717.dir
[2] = C:\Users\HP\Desktop\Task\PROJECT_Assign\PROJECT_SPNTC62_REV4-{Main}\PROJECT_clock_(18-07)\PLATFORM_clk\PLATFORM_clk\EWARM\PLATFORM_clk\Obj\Core_13247989168731456611.dir
[3] = C:\Users\HP\Desktop\Task\PROJECT_Assign\PROJECT_SPNTC62_REV4-{Main}\PROJECT_clock_(18-07)\PLATFORM_clk\PLATFORM_clk\EWARM\PLATFORM_clk\Obj\EWARM_18443280873093131863.dir
[4] = C:\Users\HP\Desktop\Task\PROJECT_Assign\PROJECT_SPNTC62_REV4-{Main}\PROJECT_clock_(18-07)\PLATFORM_clk\PLATFORM_clk\EWARM\PLATFORM_clk\Obj\STM32G0xx_HAL_Driver_14800413719917403617.dir
[5] = dl6M_tlf.a
[6] = m6M_tl.a
[7] = rt6M_tl.a
[8] = shb_l.a

  19'263 bytes of readonly  code memory
     622 bytes of readonly  data memory
   1'462 bytes of readwrite data memory

Errors: none
Warnings: none
